{"junit":[{"browser":"PhantomJS 1.9.1 (Mac OS X)","tests":0,"failures":0,"time":0.009,"errors":1}],"e2e":[{"browser":"PhantomJS 1.9.1 (Mac OS X)","tests":0,"failures":0,"time":0.009,"errors":1}]}