{"jshint":{"tests":1,"failures":0,"errors":0,"consoleStatements":0,"failureDetails":{}}}