{"junit":{"tests":[],"coverage":[]},"e2e":{"tests":[],"coverage":[]}}